====================================================================
  作业 / job : M2Job - M1 ingestion/normalization + pMCOD + LSTM-AE contextual anomaly detection
  JobID      : 6905b0331435ca57a7b1b0b7790a30e1
  轮询间隔   : 20s    总时长: 直到 Ctrl-C 或作业结束
  CSV 输出   : /opt/fa-iforest/m3watch/ckpt_sizes.csv
  framesize  : 64 MB（单子任务超过其 80% 即告警）
====================================================================

[2026-10-01 10:42:22] checkpoint 1  状态=COMPLETED
  算子 / operator                                         合计 MB        已确认      单子任务峰值 MB
  M3-LSTM-AE -> (Sink: Kafka Sink [synergia-scor        0.074          8          0.009
  RobustScaler                                          0.044          8          0.005
  Pmcod -> (Sink: Kafka Sink [synergia-scores],         0.043          8          0.005
  RoundAssembler -> AlignEventTime                      0.032          8          0.004
  RawCache -> (Sink: Kafka Sink [synergia-m1-out        0.026          8          0.003
  MonitoringAggregator -> Sink: Kafka Sink [syne        0.018          8          0.002
  Source: Custom Source -> Kafka Source [synergi        0.008          8          0.001
  本次合计：0.246 MB

[2026-10-01 10:42:22] checkpoint 2  状态=COMPLETED
  算子 / operator                                         合计 MB        已确认      单子任务峰值 MB
  M3-LSTM-AE -> (Sink: Kafka Sink [synergia-scor        0.074          8          0.009
  RobustScaler                                          0.044          8          0.005
  Pmcod -> (Sink: Kafka Sink [synergia-scores],         0.043          8          0.005
  RoundAssembler -> AlignEventTime                      0.032          8          0.004
  RawCache -> (Sink: Kafka Sink [synergia-m1-out        0.026          8          0.003
  MonitoringAggregator -> Sink: Kafka Sink [syne        0.018          8          0.002
  Source: Custom Source -> Kafka Source [synergi        0.008          8          0.001
  本次合计：0.246 MB

[2026-10-01 10:42:23] checkpoint 3  状态=COMPLETED
  算子 / operator                                         合计 MB        已确认      单子任务峰值 MB
  M3-LSTM-AE -> (Sink: Kafka Sink [synergia-scor        0.074          8          0.009
  RobustScaler                                          0.044          8          0.005
  Pmcod -> (Sink: Kafka Sink [synergia-scores],         0.043          8          0.005
  RoundAssembler -> AlignEventTime                      0.032          8          0.004
  RawCache -> (Sink: Kafka Sink [synergia-m1-out        0.026          8          0.003
  MonitoringAggregator -> Sink: Kafka Sink [syne        0.018          8          0.002
  Source: Custom Source -> Kafka Source [synergi        0.008          8          0.001
  本次合计：0.246 MB

[2026-10-01 10:43:03] checkpoint 4  状态=COMPLETED
  算子 / operator                                         合计 MB        已确认      单子任务峰值 MB
  M3-LSTM-AE -> (Sink: Kafka Sink [synergia-scor        0.074          8          0.009
  RobustScaler                                          0.044          8          0.005
  Pmcod -> (Sink: Kafka Sink [synergia-scores],         0.043          8          0.005
  RoundAssembler -> AlignEventTime                      0.032          8          0.004
  RawCache -> (Sink: Kafka Sink [synergia-m1-out        0.026          8          0.003
  MonitoringAggregator -> Sink: Kafka Sink [syne        0.018          8          0.002
  Source: Custom Source -> Kafka Source [synergi        0.008          8          0.001
  本次合计：0.246 MB

[2026-10-01 10:43:24] checkpoint 5  状态=COMPLETED
  算子 / operator                                         合计 MB        已确认      单子任务峰值 MB
  RobustScaler                                          0.738          8          0.266
  RawCache -> (Sink: Kafka Sink [synergia-m1-out        0.393          8          0.141
  RoundAssembler -> AlignEventTime                      0.105          8          0.031
  M3-LSTM-AE -> (Sink: Kafka Sink [synergia-scor        0.074          8          0.009
  MonitoringAggregator -> Sink: Kafka Sink [syne        0.030          8          0.007
  Pmcod -> (Sink: Kafka Sink [synergia-scores],         0.043          8          0.005
  Source: Custom Source -> Kafka Source [synergi        0.008          8          0.001
  本次合计：1.391 MB

[2026-10-01 10:44:05] checkpoint 6  状态=COMPLETED
  算子 / operator                                         合计 MB        已确认      单子任务峰值 MB
  RobustScaler                                          4.021          8          1.496
  RawCache -> (Sink: Kafka Sink [synergia-m1-out        0.393          8          0.141
  RoundAssembler -> AlignEventTime                      0.117          8          0.036
  M3-LSTM-AE -> (Sink: Kafka Sink [synergia-scor        0.074          8          0.009
  MonitoringAggregator -> Sink: Kafka Sink [syne        0.029          8          0.006
  Pmcod -> (Sink: Kafka Sink [synergia-scores],         0.043          8          0.005
  Source: Custom Source -> Kafka Source [synergi        0.008          8          0.001
  本次合计：4.685 MB

[2026-10-01 10:44:25] checkpoint 7  状态=COMPLETED
  算子 / operator                                         合计 MB        已确认      单子任务峰值 MB
  RobustScaler                                          7.232          8          2.681
  RawCache -> (Sink: Kafka Sink [synergia-m1-out        0.393          8          0.141
  RoundAssembler -> AlignEventTime                      0.091          8          0.025
  M3-LSTM-AE -> (Sink: Kafka Sink [synergia-scor        0.074          8          0.009
  MonitoringAggregator -> Sink: Kafka Sink [syne        0.030          8          0.007
  Pmcod -> (Sink: Kafka Sink [synergia-scores],         0.043          8          0.005
  Source: Custom Source -> Kafka Source [synergi        0.008          8          0.001
  本次合计：7.871 MB

[2026-10-01 10:45:06] checkpoint 8  状态=COMPLETED
  算子 / operator                                         合计 MB        已确认      单子任务峰值 MB
  RobustScaler                                         10.462          8          3.864
  RawCache -> (Sink: Kafka Sink [synergia-m1-out        0.393          8          0.141
  RoundAssembler -> AlignEventTime                      0.111          8          0.034
  M3-LSTM-AE -> (Sink: Kafka Sink [synergia-scor        0.074          8          0.009
  MonitoringAggregator -> Sink: Kafka Sink [syne        0.028          8          0.006
  Pmcod -> (Sink: Kafka Sink [synergia-scores],         0.043          8          0.005
  Source: Custom Source -> Kafka Source [synergi        0.008          8          0.001
  本次合计：11.118 MB

[2026-10-01 10:45:26] checkpoint 9  状态=COMPLETED
  算子 / operator                                         合计 MB        已确认      单子任务峰值 MB
  RobustScaler                                         13.733          8          5.081
  RawCache -> (Sink: Kafka Sink [synergia-m1-out        0.393          8          0.141
  RoundAssembler -> AlignEventTime                      0.111          8          0.034
  M3-LSTM-AE -> (Sink: Kafka Sink [synergia-scor        0.074          8          0.009
  MonitoringAggregator -> Sink: Kafka Sink [syne        0.031          8          0.007
  Pmcod -> (Sink: Kafka Sink [synergia-scores],         0.043          8          0.005
  Source: Custom Source -> Kafka Source [synergi        0.008          8          0.001
  本次合计：14.393 MB

[2026-10-01 10:46:07] checkpoint 10  状态=COMPLETED
  算子 / operator                                         合计 MB        已确认      单子任务峰值 MB
  RobustScaler                                         17.006          8          6.300
  RawCache -> (Sink: Kafka Sink [synergia-m1-out        0.393          8          0.141
  RoundAssembler -> AlignEventTime                      0.081          8          0.022
  M3-LSTM-AE -> (Sink: Kafka Sink [synergia-scor        0.074          8          0.009
  MonitoringAggregator -> Sink: Kafka Sink [syne        0.036          8          0.009
  Pmcod -> (Sink: Kafka Sink [synergia-scores],         0.043          8          0.005
  Source: Custom Source -> Kafka Source [synergi        0.008          8          0.001
  本次合计：17.641 MB

[2026-10-01 10:46:27] checkpoint 11  状态=COMPLETED
  算子 / operator                                         合计 MB        已确认      单子任务峰值 MB
  Pmcod -> (Sink: Kafka Sink [synergia-scores],        14.120          8          5.288
  M3-LSTM-AE -> (Sink: Kafka Sink [synergia-scor        1.983          8          0.664
  RawCache -> (Sink: Kafka Sink [synergia-m1-out        0.393          8          0.141
  RoundAssembler -> AlignEventTime                      0.092          8          0.026
  MonitoringAggregator -> Sink: Kafka Sink [syne        0.031          8          0.007
  RobustScaler                                          0.045          8          0.006
  Source: Custom Source -> Kafka Source [synergi        0.008          8          0.001
  本次合计：16.672 MB

[2026-10-01 10:46:48] checkpoint 12  状态=COMPLETED
  算子 / operator                                         合计 MB        已确认      单子任务峰值 MB
  Pmcod -> (Sink: Kafka Sink [synergia-scores],        14.222          8          5.324
  M3-LSTM-AE -> (Sink: Kafka Sink [synergia-scor        5.602          8          2.026
  RawCache -> (Sink: Kafka Sink [synergia-m1-out        0.393          8          0.141
  RoundAssembler -> AlignEventTime                      0.105          8          0.031
  MonitoringAggregator -> Sink: Kafka Sink [syne        0.031          8          0.007
  RobustScaler                                          0.045          8          0.006
  Source: Custom Source -> Kafka Source [synergi        0.008          8          0.001
  本次合计：20.405 MB

[2026-10-01 10:47:29] checkpoint 13  状态=COMPLETED
  算子 / operator                                         合计 MB        已确认      单子任务峰值 MB
  Pmcod -> (Sink: Kafka Sink [synergia-scores],        14.051          8          5.245
  M3-LSTM-AE -> (Sink: Kafka Sink [synergia-scor        9.132          8          3.349
  RawCache -> (Sink: Kafka Sink [synergia-m1-out        0.393          8          0.141
  RoundAssembler -> AlignEventTime                      0.116          8          0.035
  MonitoringAggregator -> Sink: Kafka Sink [syne        0.030          8          0.007
  RobustScaler                                          0.045          8          0.006
  Source: Custom Source -> Kafka Source [synergi        0.008          8          0.001
  本次合计：23.776 MB

[2026-10-01 10:47:49] checkpoint 14  状态=COMPLETED
  算子 / operator                                         合计 MB        已确认      单子任务峰值 MB
  M3-LSTM-AE -> (Sink: Kafka Sink [synergia-scor       12.484          8          4.597
  Pmcod -> (Sink: Kafka Sink [synergia-scores],        11.479          8          4.260
  RawCache -> (Sink: Kafka Sink [synergia-m1-out        0.393          8          0.141
  RoundAssembler -> AlignEventTime                      0.103          8          0.030
  RobustScaler                                          0.045          8          0.006
  MonitoringAggregator -> Sink: Kafka Sink [syne        0.023          8          0.004
  Source: Custom Source -> Kafka Source [synergi        0.008          8          0.001
  本次合计：24.535 MB

[2026-10-01 10:48:30] checkpoint 15  状态=COMPLETED
  算子 / operator                                         合计 MB        已确认      单子任务峰值 MB
  M3-LSTM-AE -> (Sink: Kafka Sink [synergia-scor       16.096          8          5.970
  Pmcod -> (Sink: Kafka Sink [synergia-scores],        11.340          8          4.234
  RawCache -> (Sink: Kafka Sink [synergia-m1-out        0.393          8          0.141
  RoundAssembler -> AlignEventTime                      0.117          8          0.036
  RobustScaler                                          0.045          8          0.006
  MonitoringAggregator -> Sink: Kafka Sink [syne        0.023          8          0.004
  Source: Custom Source -> Kafka Source [synergi        0.008          8          0.001
  本次合计：28.022 MB

[2026-10-01 10:48:50] checkpoint 16  状态=IN_PROGRESS
  算子 / operator                                         合计 MB        已确认      单子任务峰值 MB
  M3-LSTM-AE -> (Sink: Kafka Sink [synergia-scor       19.698          8          7.337
  Pmcod -> (Sink: Kafka Sink [synergia-scores],        14.096          8          5.273
  RawCache -> (Sink: Kafka Sink [synergia-m1-out        0.393          8          0.141
  RoundAssembler -> AlignEventTime                      0.076          8          0.020
  MonitoringAggregator -> Sink: Kafka Sink [syne        0.030          8          0.007
  RobustScaler                                          0.045          8          0.006
  Source: Custom Source -> Kafka Source [synergi        0.008          8          0.001
  本次合计：34.346 MB

[2026-10-01 10:49:31] checkpoint 17  状态=IN_PROGRESS
  算子 / operator                                         合计 MB        已确认      单子任务峰值 MB
  M3-LSTM-AE -> (Sink: Kafka Sink [synergia-scor       23.341          8          8.673
  Pmcod -> (Sink: Kafka Sink [synergia-scores],        14.089          8          5.281
  RawCache -> (Sink: Kafka Sink [synergia-m1-out        0.393          8          0.141
  RoundAssembler -> AlignEventTime                      0.089          8          0.025
  MonitoringAggregator -> Sink: Kafka Sink [syne        0.030          8          0.007
  RobustScaler                                          0.045          8          0.006
  Source: Custom Source -> Kafka Source [synergi        0.008          8          0.001
  本次合计：37.995 MB

[2026-10-01 10:49:51] checkpoint 18  状态=IN_PROGRESS
  算子 / operator                                         合计 MB        已确认      单子任务峰值 MB
  M3-LSTM-AE -> (Sink: Kafka Sink [synergia-scor       27.004          8         10.030
  Pmcod -> (Sink: Kafka Sink [synergia-scores],        13.456          8          4.942
  RawCache -> (Sink: Kafka Sink [synergia-m1-out        0.393          8          0.141
  RoundAssembler -> AlignEventTime                      0.099          8          0.027
  MonitoringAggregator -> Sink: Kafka Sink [syne        0.030          8          0.007
  RobustScaler                                          0.045          8          0.006
  Source: Custom Source -> Kafka Source [synergi        0.008          8          0.001
  本次合计：41.035 MB

[2026-10-01 10:50:32] checkpoint 19  状态=IN_PROGRESS
  算子 / operator                                         合计 MB        已确认      单子任务峰值 MB
  M3-LSTM-AE -> (Sink: Kafka Sink [synergia-scor       30.380          8         11.288
  Pmcod -> (Sink: Kafka Sink [synergia-scores],        14.103          8          5.276
  RawCache -> (Sink: Kafka Sink [synergia-m1-out        0.393          8          0.141
  RoundAssembler -> AlignEventTime                      0.115          8          0.035
  MonitoringAggregator -> Sink: Kafka Sink [syne        0.031          8          0.007
  RobustScaler                                          0.045          8          0.006
  Source: Custom Source -> Kafka Source [synergi        0.008          8          0.001
  本次合计：45.075 MB

[2026-10-01 10:50:53] checkpoint 20  状态=IN_PROGRESS
  算子 / operator                                         合计 MB        已确认      单子任务峰值 MB
  Source: Custom Source -> Kafka Source [synergi        0.005          5          0.001
  RoundAssembler -> AlignEventTime                      0.000          0          0.000
  M3-LSTM-AE -> (Sink: Kafka Sink [synergia-scor        0.000          0          0.000
  MonitoringAggregator -> Sink: Kafka Sink [syne        0.000          0          0.000
  RawCache -> (Sink: Kafka Sink [synergia-m1-out        0.000          0          0.000
  Pmcod -> (Sink: Kafka Sink [synergia-scores],         0.000          0          0.000
  RobustScaler                                          0.000          0          0.000
  本次合计：0.005 MB
[2026-10-01 11:21:17] WARN: 作业 6905b0331435ca57a7b1b0b7790a30e1 已不可查询（可能已重启/结束）。CSV 保留已采集部分: /opt/fa-iforest/m3watch/ckpt_sizes.csv
